// Jest Snapshot v1, https://goo.gl/fbAQLP

exports[`PickerView PickerView disabled 1`] = `
<PickerView
  cols={Infinity}
  dataSource={
    Array [
      Object {
        "label": "选项一",
        "value": "1",
      },
      Object {
        "label": "选项二",
        "value": "2",
      },
    ]
  }
  disabled={true}
  itemRender={[Function]}
  onChange={[MockFunction]}
  prefixCls="zs-picker-view"
  valueMember="value"
>
  <div
    className="zs-picker-view"
  >
    <div
      className="zs-picker-view__content"
    >
      <Wheel
        dataSource={
          Array [
            Object {
              "label": "选项一",
              "value": "1",
            },
            Object {
              "label": "选项二",
              "value": "2",
            },
          ]
        }
        disabled={true}
        itemRender={[Function]}
        key="0"
        onChange={[Function]}
        prefixCls="zs-wheel"
        stopScroll={false}
        value="1"
        valueMember="value"
      >
        <div
          className="zs-wheel"
        >
          <div
            className="zs-wheel__content"
          >
            <div
              className="zs-wheel__item zs-wheel__item--selected zs-wheel__item--disabled"
              key="0"
            >
              选项一
            </div>
            <div
              className="zs-wheel__item zs-wheel__item--disabled"
              key="1"
            >
              选项二
            </div>
          </div>
        </div>
      </Wheel>
    </div>
    <div
      className="zs-picker-view__mask zs-picker-view__mask--top"
    />
    <div
      className="zs-picker-view__mask zs-picker-view__mask--bottom"
    />
  </div>
</PickerView>
`;

exports[`PickerView PickerView render visible 1`] = `
<div
  class="zs-picker-view"
>
  <div
    class="zs-picker-view__content"
  >
    <div
      class="zs-wheel"
    >
      <div
        class="zs-wheel__content"
      >
        <div
          class="zs-wheel__item zs-wheel__item--selected"
        >
          选项一
        </div>
        <div
          class="zs-wheel__item"
        >
          选项二
        </div>
      </div>
    </div>
  </div>
  <div
    class="zs-picker-view__mask zs-picker-view__mask--top"
  />
  <div
    class="zs-picker-view__mask zs-picker-view__mask--bottom"
  />
</div>
`;
