// Jest Snapshot v1, https://goo.gl/fbAQLP

exports[`Marquee renders correctly 1`] = `
<div>
  <div
    class="zs-marquee"
  >
    <div
      class="zs-marquee__body"
      style="width:100%;height:150px"
    >
      <div
        class="zs-marquee__content"
      >
        测试我在滚动
      </div>
    </div>
  </div>
</div>
`;
