// Jest Snapshot v1, https://goo.gl/fbAQLP

exports[`file picker render correctly 1`] = `
<div
  class="zs-file-picker"
>
  <input
    class="zs-file-picker__input"
    type="file"
  />
  <button
    class="needsclick"
  >
    add
  </button>
</div>
`;
