// Jest Snapshot v1, https://goo.gl/fbAQLP

exports[`Popup snapshot renders correctly 1`] = `
<Popup
  afterClose={[MockFunction]}
  destroy={true}
  direction="bottom"
  onMaskClick={[MockFunction]}
  prefixCls="zs-popup"
  visible={false}
/>
`;

exports[`Popup snapshot renders mount node correctly 1`] = `
<Popup
  afterClose={[MockFunction]}
  destroy={true}
  direction="bottom"
  mountContainer={[Function]}
  onMaskClick={[MockFunction]}
  prefixCls="zs-popup"
  visible={true}
>
  <Portal
    afterClose={[MockFunction]}
    animationDuration={200}
    animationType="fade"
    destroy={true}
    direction="bottom"
    handlePortalUnmount={[Function]}
    mask={true}
    maskType="normal"
    mountContainer={[Function]}
    onMaskClick={[MockFunction]}
    prefixCls="zs-popup"
    visible={true}
  >
    <Trigger
      disabled={false}
      onClose={[Function]}
      visible={true}
    >
      <Portal
        containerInfo={
          <div
            class="zs-popup-container"
          >
            <div
              class="zs-mask zs-fade-enter zs-mask--normal"
              style="animation-duration: 200ms;"
            />
            <div
              class="zs-popup__wrapper"
              data-width="0"
              role="dialog"
            >
              <div
                class="zs-popup zs-popup--bottom zs-popup--show"
                data-width="0"
                role="document"
                style="transition-duration: 200ms; transition-property: transform;"
              >
                foo
              </div>
            </div>
          </div>
        }
      >
        <Mask
          className="zs-fade-enter"
          prefixCls="zs-mask"
          style={
            Object {
              "WebkitAnimationDuration": "200ms",
              "animationDuration": "200ms",
            }
          }
          type="normal"
          visible={true}
        >
          <div
            className="zs-mask zs-fade-enter zs-mask--normal"
            style={
              Object {
                "WebkitAnimationDuration": "200ms",
                "animationDuration": "200ms",
              }
            }
          />
        </Mask>
        <div
          className="zs-popup__wrapper"
          data-width={0}
          onClick={[Function]}
          role="dialog"
          style={Object {}}
        >
          <div
            className="zs-popup zs-popup--bottom"
            data-width={0}
            role="document"
            style={
              Object {
                "WebkitTransitionDuration": "200ms",
                "WebkitTransitionProperty": "transform",
                "transitionDuration": "200ms",
                "transitionProperty": "transform",
              }
            }
          >
            foo
          </div>
        </div>
      </Portal>
    </Trigger>
  </Portal>
</Popup>
`;
