// Jest Snapshot v1, https://goo.gl/fbAQLP

exports[`TabBar snapshot should render correctly 1`] = `
<div
  class="zs-tab-bar"
>
  <div
    class="zs-tab-bar__item zs-tab-bar--active"
  >
    <div
      class="zs-tab-bar__icon"
    >
      <div
        style="width:24px;height:24px;background:url(//cdn-health.zhongan.com/zsrm/home-active.svg) top left / 24px 24px no-repeat"
      />
    </div>
    <div
      class="zs-tab-bar__title"
    >
      主页
    </div>
  </div>
</div>
`;

exports[`TabBar snapshot with activeKey 1`] = `
<div
  class="zs-tab-bar"
>
  <div
    class="zs-tab-bar__item zs-tab-bar--active"
  >
    <div
      class="zs-tab-bar__icon"
    >
      <div
        style="width:24px;height:24px;background:url(//cdn-health.zhongan.com/zsrm/home-active.svg) top left / 24px 24px no-repeat"
      />
    </div>
    <div
      class="zs-tab-bar__title"
    >
      主页
    </div>
  </div>
</div>
`;

exports[`TabBar snapshot with defaultActiveKey 1`] = `
<div
  class="zs-tab-bar"
>
  <div
    class="zs-tab-bar__item zs-tab-bar--active"
  >
    <div
      class="zs-tab-bar__icon"
    >
      <div
        style="width:24px;height:24px;background:url(//cdn-health.zhongan.com/zsrm/home-active.svg) top left / 24px 24px no-repeat"
      />
    </div>
    <div
      class="zs-tab-bar__title"
    >
      主页
    </div>
  </div>
</div>
`;
