// Jest Snapshot v1, https://goo.gl/fbAQLP

exports[`Stepper defaultValue 1`] = `
<span
  className="zs-stepper zs-stepper--radius"
>
  <Button
    block={false}
    className="zs-stepper__sub"
    disabled={false}
    ghost={false}
    htmlType="button"
    loading={false}
    onClick={[Function]}
    prefixCls="zs-button"
    shadow={false}
    shape="radius"
    size="xs"
    theme="default"
  >
    <ForwardRef(SvgMinus) />
  </Button>
  <Input
    className="zs-stepper__input "
    clearable={false}
    disabled={false}
    onBlur={[Function]}
    onChange={[Function]}
    type="text"
    value={2}
  />
  <Button
    block={false}
    className="zs-stepper__plus"
    disabled={false}
    ghost={false}
    htmlType="button"
    loading={false}
    onClick={[Function]}
    prefixCls="zs-button"
    shadow={false}
    shape="radius"
    size="xs"
    theme="default"
  >
    <ForwardRef(SvgPlus) />
  </Button>
</span>
`;

exports[`Stepper renders correctly 1`] = `
<span
  class="zs-stepper zs-stepper--radius"
>
  <button
    aria-disabled="false"
    class="zs-button zs-stepper__sub zs-button--default zs-button--xs zs-button--radius"
    type="button"
  >
    <span>
      <i
        class="zs-icon zs-icon--default zs-icon--md"
        theme="default"
      >
        <svg
          aria-hidden="true"
          fill="currentColor"
          focusable="false"
          height="1em"
          viewBox="0 0 1000 1000"
          width="1em"
        >
          <path
            d="M537.5 537.5h-400c-20.71 0-37.5-16.79-37.5-37.5s16.79-37.5 37.5-37.5h725c20.71 0 37.5 16.79 37.5 37.5s-16.79 37.5-37.5 37.5h-325z"
            fill-rule="nonzero"
          />
        </svg>
      </i>
    </span>
  </button>
  <div
    class="zs-input zs-stepper__input "
  >
    <input
      autocomplete="off"
      type="text"
      value="0"
    />
  </div>
  <button
    aria-disabled="false"
    class="zs-button zs-stepper__plus zs-button--default zs-button--xs zs-button--radius"
    type="button"
  >
    <span>
      <i
        class="zs-icon zs-icon--default zs-icon--md"
        theme="default"
      >
        <svg
          aria-hidden="true"
          fill="currentColor"
          focusable="false"
          height="1em"
          viewBox="0 0 1000 1000"
          width="1em"
        >
          <path
            d="M537.5 537.5v325c0 20.71-16.79 37.5-37.5 37.5s-37.5-16.79-37.5-37.5v-325h-325c-20.71 0-37.5-16.79-37.5-37.5s16.79-37.5 37.5-37.5h325v-325c0-20.71 16.79-37.5 37.5-37.5s37.5 16.79 37.5 37.5v325h325c20.71 0 37.5 16.79 37.5 37.5s-16.79 37.5-37.5 37.5h-325z"
            fill-rule="nonzero"
          />
        </svg>
      </i>
    </span>
  </button>
</span>
`;
